[webhunt.store/themeforest/examin/index.html]
[backblue.gif]
[fade.gif]
[index.html]
[webhunt.store/themeforest/examin/assets/img/favicon.png]
[webhunt.store/themeforest/examin/assets/css/bootstrap.min.css]
[webhunt.store/themeforest/examin/assets/css/font-awesome.min.css]
[webhunt.store/themeforest/examin/assets/css/flaticon-set.css]
[webhunt.store/themeforest/examin/assets/css/magnific-popup.css]
[webhunt.store/themeforest/examin/assets/css/owl.carousel.min.css]
[webhunt.store/themeforest/examin/assets/css/owl.theme.default.min.css]
[webhunt.store/themeforest/examin/assets/css/animate.css]
[webhunt.store/themeforest/examin/assets/css/bootsnav.css]
[webhunt.store/themeforest/examin/style.css]
[webhunt.store/themeforest/examin/assets/css/responsive.css]
[webhunt.store/themeforest/examin/assets/img/banner/7.jpg]
[webhunt.store/themeforest/examin/assets/img/logo-big.png]
[webhunt.store/themeforest/examin/index-1.html]
[webhunt.store/themeforest/examin/assets/img/demo/index-1.jpg]
[webhunt.store/themeforest/examin/index-2.html]
[webhunt.store/themeforest/examin/assets/img/demo/index-2.jpg]
[webhunt.store/themeforest/examin/index-3.html]
[webhunt.store/themeforest/examin/assets/img/demo/index-3.jpg]
[webhunt.store/themeforest/examin/index-4.html]
[webhunt.store/themeforest/examin/assets/img/demo/index-4.jpg]
[webhunt.store/themeforest/examin/index-5.html]
[webhunt.store/themeforest/examin/assets/img/demo/index-5.jpg]
[webhunt.store/themeforest/examin/index-6.html]
[webhunt.store/themeforest/examin/assets/img/demo/index-6.jpg]
[webhunt.store/themeforest/examin/index-7.html]
[webhunt.store/themeforest/examin/assets/img/demo/index-7.jpg]
[webhunt.store/themeforest/examin/index-onepage.html]
[webhunt.store/themeforest/examin/assets/img/demo/index-onepage.jpg]
[webhunt.store/themeforest/examin/index-2-onepage.html]
[webhunt.store/themeforest/examin/assets/img/demo/index-2-onepage.jpg]
[webhunt.store/themeforest/examin/index-3-onepage.html]
[webhunt.store/themeforest/examin/assets/img/demo/index-3-onepage.jpg]
[webhunt.store/themeforest/examin/index-4-onepage.html]
[webhunt.store/themeforest/examin/assets/img/demo/index-4-onepage.jpg]
[webhunt.store/themeforest/examin/index-5-onepage.html]
[webhunt.store/themeforest/examin/assets/img/demo/index-5-onepage.jpg]
[webhunt.store/themeforest/examin/index-6-onepage.html]
[webhunt.store/themeforest/examin/assets/img/demo/index-6-onepage.jpg]
[webhunt.store/themeforest/examin/assets/img/logo-light.png]
[webhunt.store/themeforest/examin/assets/js/jquery-1.12.4.min.js]
[webhunt.store/themeforest/examin/assets/js/bootstrap.min.js]
[webhunt.store/themeforest/examin/assets/js/equal-height.min.js]
[webhunt.store/themeforest/examin/assets/js/jquery.appear.js]
[webhunt.store/themeforest/examin/assets/js/jquery.easing.min.js]
[webhunt.store/themeforest/examin/assets/js/jquery.magnific-popup.min.js]
[webhunt.store/themeforest/examin/assets/js/modernizr.custom.13711.js]
[webhunt.store/themeforest/examin/assets/js/owl.carousel.min.js]
[webhunt.store/themeforest/examin/assets/js/wow.min.js]
[webhunt.store/themeforest/examin/assets/js/isotope.pkgd.min.js]
[webhunt.store/themeforest/examin/assets/js/imagesloaded.pkgd.min.js]
[webhunt.store/themeforest/examin/assets/js/count-to.js]
[webhunt.store/themeforest/examin/assets/js/loopcounter.js]
[webhunt.store/themeforest/examin/assets/js/jquery.nice-select.min.js]
[webhunt.store/themeforest/examin/assets/js/bootsnav.js]
[webhunt.store/themeforest/examin/assets/js/main.js]
[webhunt.store/themeforest/examin/index.html]
[webhunt.store/themeforest/examin/assets/css/bootstrap.min.css]
[webhunt.store/themeforest/examin/assets/fonts/fa-brands-400.eot]
[webhunt.store/themeforest/examin/assets/fonts/fa-brands-400d41d.eot]
[webhunt.store/themeforest/examin/assets/fonts/fa-brands-400.woff2]
[webhunt.store/themeforest/examin/assets/fonts/fa-brands-400.woff]
[webhunt.store/themeforest/examin/assets/fonts/fa-brands-400.ttf]
[webhunt.store/themeforest/examin/assets/fonts/fa-regular-400.eot]
[webhunt.store/themeforest/examin/assets/fonts/fa-regular-400d41d.eot]
[webhunt.store/themeforest/examin/assets/fonts/fa-regular-400.woff2]
[webhunt.store/themeforest/examin/assets/fonts/fa-regular-400.woff]
[webhunt.store/themeforest/examin/assets/fonts/fa-regular-400.ttf]
[webhunt.store/themeforest/examin/assets/fonts/fa-solid-900.eot]
[webhunt.store/themeforest/examin/assets/fonts/fa-solid-900d41d.eot]
[webhunt.store/themeforest/examin/assets/fonts/fa-solid-900.woff2]
[webhunt.store/themeforest/examin/assets/fonts/fa-solid-900.woff]
[webhunt.store/themeforest/examin/assets/fonts/fa-solid-900.ttf]
[webhunt.store/themeforest/examin/assets/css/font-awesome.min.css]
[webhunt.store/themeforest/examin/assets/fonts/Flaticon.woff]
[webhunt.store/themeforest/examin/assets/fonts/Flaticon.ttf]
[webhunt.store/themeforest/examin/assets/fonts/Flaticon.svg]
[webhunt.store/themeforest/examin/assets/css/flaticon-set.css]
[webhunt.store/themeforest/examin/assets/css/magnific-popup.css]
[webhunt.store/themeforest/examin/assets/css/owl.carousel.min.css]
[webhunt.store/themeforest/examin/assets/css/owl.theme.default.min.css]
[webhunt.store/themeforest/examin/assets/css/animate.css]
[webhunt.store/themeforest/examin/assets/css/bootsnav.css]
[webhunt.store/themeforest/examin/assets/img/preloader.gif]
[webhunt.store/themeforest/examin/style.css]
[webhunt.store/themeforest/examin/assets/css/responsive.css]
[fonts.googleapis.com/cssd2d5.css]
[fonts.googleapis.com/css6e13.css]
[webhunt.store/themeforest/examin/assets/img/logo.png]
[webhunt.store/themeforest/examin/gallery-2-colum.html]
[webhunt.store/themeforest/examin/gallery-3-colum.html]
[webhunt.store/themeforest/examin/gallery-4-colum.html]
[webhunt.store/themeforest/examin/gallery-6-colum.html]
[webhunt.store/themeforest/examin/advisor-carousel.html]
[webhunt.store/themeforest/examin/advisor-2-colum.html]
[webhunt.store/themeforest/examin/advisor-3-colum.html]
[webhunt.store/themeforest/examin/advisor-carousel-2.html]
[webhunt.store/themeforest/examin/profile.html]
[webhunt.store/themeforest/examin/edit-profile.html]
[webhunt.store/themeforest/examin/login.html]
[webhunt.store/themeforest/examin/register.html]
[webhunt.store/themeforest/examin/about-us.html]
[webhunt.store/themeforest/examin/faq.html]
[webhunt.store/themeforest/examin/pricing-table.html]
[webhunt.store/themeforest/examin/contact.html]
[webhunt.store/themeforest/examin/404.html]
[webhunt.store/themeforest/examin/courses.html]
[webhunt.store/themeforest/examin/courses-2.html]
[webhunt.store/themeforest/examin/courses-3.html]
[webhunt.store/themeforest/examin/courses-4.html]
[webhunt.store/themeforest/examin/course-details.html]
[webhunt.store/themeforest/examin/teachers.html]
[webhunt.store/themeforest/examin/teachers-details.html]
[webhunt.store/themeforest/examin/event.html]
[webhunt.store/themeforest/examin/event-2.html]
[webhunt.store/themeforest/examin/event-3.html]
[webhunt.store/themeforest/examin/blog-standard.html]
[webhunt.store/themeforest/examin/blog-left-sidebar.html]
[webhunt.store/themeforest/examin/blog-right-sidebar.html]
[webhunt.store/themeforest/examin/blog-single-standard.html]
[webhunt.store/themeforest/examin/blog-single-left-sidebar.html]
[webhunt.store/themeforest/examin/blog-single-right-sidebar.html]
[webhunt.store/themeforest/examin/assets/img/banner/1.jpg]
[webhunt.store/themeforest/examin/assets/img/banner/2.jpg]
[webhunt.store/themeforest/examin/assets/img/banner/3.jpg]
[webhunt.store/themeforest/examin/assets/img/about.jpg]
[webhunt.store/themeforest/examin/assets/img/banner/16.jpg]
[webhunt.store/themeforest/examin/assets/img/courses/f1.jpg]
[webhunt.store/themeforest/examin/assets/img/courses/f2.jpg]
[webhunt.store/themeforest/examin/assets/img/courses/f3.jpg]
[webhunt.store/themeforest/examin/assets/img/courses/1.jpg]
[webhunt.store/themeforest/examin/assets/img/team/7.jpg]
[webhunt.store/themeforest/examin/assets/img/courses/2.jpg]
[webhunt.store/themeforest/examin/assets/img/team/8.jpg]
[webhunt.store/themeforest/examin/assets/img/courses/3.jpg]
[webhunt.store/themeforest/examin/assets/img/team/9.jpg]
[webhunt.store/themeforest/examin/assets/img/courses/4.jpg]
[webhunt.store/themeforest/examin/assets/img/team/2.jpg]
[webhunt.store/themeforest/examin/assets/img/courses/5.jpg]
[webhunt.store/themeforest/examin/assets/img/team/3.jpg]
[webhunt.store/themeforest/examin/assets/img/category/1.jpg]
[webhunt.store/themeforest/examin/assets/img/category/2.jpg]
[webhunt.store/themeforest/examin/assets/img/category/3.jpg]
[webhunt.store/themeforest/examin/assets/img/category/4.jpg]
[webhunt.store/themeforest/examin/assets/img/category/5.jpg]
[webhunt.store/themeforest/examin/assets/img/category/6.jpg]
[webhunt.store/themeforest/examin/assets/img/category/7.jpg]
[webhunt.store/themeforest/examin/assets/img/category/8.jpg]
[webhunt.store/themeforest/examin/assets/img/advisor/1.jpg]
[webhunt.store/themeforest/examin/assets/img/advisor/2.jpg]
[webhunt.store/themeforest/examin/assets/img/advisor/3.jpg]
[webhunt.store/themeforest/examin/assets/img/advisor/4.jpg]
[webhunt.store/themeforest/examin/assets/img/advisor/5.jpg]
[webhunt.store/themeforest/examin/assets/img/event/1.jpg]
[webhunt.store/themeforest/examin/assets/img/event/2.jpg]
[webhunt.store/themeforest/examin/assets/img/event/3.jpg]
[webhunt.store/themeforest/examin/assets/img/event/4.jpg]
[webhunt.store/themeforest/examin/assets/img/contact.png]
[webhunt.store/themeforest/examin/assets/img/team/4.jpg]
[webhunt.store/themeforest/examin/assets/img/blog/1.jpg]
[webhunt.store/themeforest/examin/assets/img/blog/2.jpg]
[webhunt.store/themeforest/examin/assets/img/blog/3.jpg]
[webhunt.store/themeforest/examin/assets/img/clients/1.png]
[webhunt.store/themeforest/examin/assets/img/clients/2.png]
[webhunt.store/themeforest/examin/assets/img/clients/3.png]
[webhunt.store/themeforest/examin/assets/img/clients/4.png]
[webhunt.store/themeforest/examin/assets/img/clients/5.png]
[webhunt.store/themeforest/examin/assets/img/clients/6.png]
[webhunt.store/themeforest/examin/assets/img/clients/7.png]
[webhunt.store/themeforest/examin/assets/img/clients/8.png]
[webhunt.store/themeforest/examin/assets/img/clients/9.png]
[webhunt.store/themeforest/examin/index-1.html]
[webhunt.store/themeforest/examin/assets/img/800x800.png]
[webhunt.store/themeforest/examin/assets/img/banner/24.jpg]
[webhunt.store/themeforest/examin/assets/img/banner/5.html]
[webhunt.store/themeforest/examin/index-2.html]
[webhunt.store/themeforest/examin/index-3.html]
[webhunt.store/themeforest/examin/index-4.html]
[webhunt.store/themeforest/examin/index-5.html]
[webhunt.store/themeforest/examin/index-6.html]
[webhunt.store/themeforest/examin/index-7.html]
[webhunt.store/themeforest/examin/index-onepage.html]
[webhunt.store/themeforest/examin/index-2-onepage.html]
[webhunt.store/themeforest/examin/index-3-onepage.html]
[webhunt.store/themeforest/examin/index-4-onepage.html]
[webhunt.store/themeforest/examin/index-5-onepage.html]
[webhunt.store/themeforest/examin/index-6-onepage.html]
[webhunt.store/themeforest/examin/assets/js/typed.html]
[webhunt.store/themeforest/examin/assets/js/YTPlayer.min.html]
[webhunt.store/themeforest/examin/assets/fonts/glyphicons-halflings-regular.html]
[webhunt.store/themeforest/examin/assets/fonts/glyphicons-halflings-regulard41d.html]
[webhunt.store/themeforest/examin/assets/fonts/glyphicons-halflings-regular-2.html]
[webhunt.store/themeforest/examin/assets/fonts/glyphicons-halflings-regular-3.html]
[webhunt.store/themeforest/examin/assets/fonts/glyphicons-halflings-regular-4.html]
[webhunt.store/themeforest/examin/assets/fonts/fa-brands-400.html]
[webhunt.store/themeforest/examin/assets/fonts/fa-regular-400.html]
[webhunt.store/themeforest/examin/assets/fonts/fa-solid-900.html]
[webhunt.store/themeforest/examin/assets/fonts/Flaticon.html]
[webhunt.store/themeforest/examin/assets/fonts/Flaticond41d.html]
[webhunt.store/themeforest/examin/assets/fonts/Flaticon.svg]
[webhunt.store/themeforest/examin/assets/css/Flaticon.html]
[webhunt.store/themeforest/examin/assets/css/owl.video.play.html]
[webhunt.store/themeforest/examin/gallery-2-colum.html]
[webhunt.store/themeforest/examin/gallery-3-colum.html]
[webhunt.store/themeforest/examin/gallery-4-colum.html]
[webhunt.store/themeforest/examin/gallery-6-colum.html]
[webhunt.store/themeforest/examin/advisor-carousel.html]
[webhunt.store/themeforest/examin/advisor-2-colum.html]
[webhunt.store/themeforest/examin/advisor-3-colum.html]
[webhunt.store/themeforest/examin/advisor-carousel-2.html]
[webhunt.store/themeforest/examin/profile.html]
[webhunt.store/themeforest/examin/edit-profile.html]
[webhunt.store/themeforest/examin/login.html]
[webhunt.store/themeforest/examin/register.html]
[webhunt.store/themeforest/examin/about-us.html]
[webhunt.store/themeforest/examin/faq.html]
[webhunt.store/themeforest/examin/pricing-table.html]
[webhunt.store/themeforest/examin/contact.html]
[webhunt.store/themeforest/examin/404.html]
[webhunt.store/themeforest/examin/courses.html]
[webhunt.store/themeforest/examin/courses-2.html]
[webhunt.store/themeforest/examin/courses-3.html]
[webhunt.store/themeforest/examin/courses-4.html]
[webhunt.store/themeforest/examin/course-details.html]
[webhunt.store/themeforest/examin/teachers.html]
[webhunt.store/themeforest/examin/teachers-details.html]
[webhunt.store/themeforest/examin/event.html]
[webhunt.store/themeforest/examin/event-2.html]
[webhunt.store/themeforest/examin/event-3.html]
[webhunt.store/themeforest/examin/blog-standard.html]
[webhunt.store/themeforest/examin/blog-left-sidebar.html]
[webhunt.store/themeforest/examin/blog-right-sidebar.html]
[webhunt.store/themeforest/examin/blog-single-standard.html]
[webhunt.store/themeforest/examin/blog-single-left-sidebar.html]
[webhunt.store/themeforest/examin/blog-single-right-sidebar.html]
[webhunt.store/themeforest/examin/assets/fonts/glyphicons-halflings-regular.woff2]
